{
  "createdAt": "2021-01-01T00:00:00Z",
  "description": "asdasd",
  "id": 1,
  "status": "working",
  "title": "testing 2"
}
